> ####################################################################################
> # Author - Omkar Deshpande (33213 - K10)
> #
> # Problem statement - Perform the following operations using R/Python on the Air quality and Heart Diseases data sets 
> #               a. Data cleaning 
> #               b. Data integration 
> #               c. Data transformation 
> #               d. Error correcting 
> #               e. Data model building  
> #####################################################################################
> 
> library(reshape2)      #load library reshape2
> 
> #get working directory
> getwd()
[1] "P:/TE_SEM_6/SL-VI-33213/Assignment 5/Facebook"
> 
> #set working directory
> setwd("P:\\TE_SEM_6\\SL-VI-33213\\Assignment 5\\breastcancer")
> getwd()
[1] "P:/TE_SEM_6/SL-VI-33213/Assignment 5/breastcancer"
> 
> #import dataset without first line as header
> df<-read.csv("BreastCancerWc.csv", header=FALSE)
> #assign names to columns
> names(df)<-c("CN", "CT", "CSiU", "CShU", "MA", "SECS", "BN", "BC", "NN", "Mitoses", "Class")
> 
> 
> print(dim(df))     # print Dataframe dimensions
[1] 699  11
> print(names(df))    #print column names
 [1] "CN"      "CT"      "CSiU"    "CShU"    "MA"      "SECS"    "BN"      "BC"     
 [9] "NN"      "Mitoses" "Class"  
> 
> df$Class[df$Class==4] <- 1 # replace 4 with 1
> df$Class[df$Class==2] <- 0 # replace 2 with 0
> 
> df$BN[df$BN=="?"]<-NA   #replacing ? by NA
> head(table(df$BN))

  ?   1  10   2   3   4 
  0 402 132  30  28  19 
> 
> df$BN[is.na(df$BN)]<-1  #replacing NA with 1
> head(table(df$BN))

  ?   1  10   2   3   4 
  0 418 132  30  28  19 
> 
> #converting string to numeric
> df$BN <- as.numeric(df$BN)
> head(df)
       CN CT CSiU CShU MA SECS BN BC NN Mitoses Class
1 1000025  5    1    1  1    2  2  3  1       1     0
2 1002945  5    4    4  5    7  3  3  2       1     0
3 1015425  3    1    1  1    2  4  3  1       1     0
4 1016277  6    8    8  1    3  6  3  7       1     0
5 1017023  4    1    1  3    2  2  3  1       1     0
6 1017122  8   10   10  8    7  3  9  7       1     1
> 
> 
> 
> # Subset of Dataframe
> subset <- df[c("CN", "CT", "CSiU","Mitoses", "Class")]
> head(subset)
       CN CT CSiU Mitoses Class
1 1000025  5    1       1     0
2 1002945  5    4       1     0
3 1015425  3    1       1     0
4 1016277  6    8       1     0
5 1017023  4    1       1     0
6 1017122  8   10       1     1
> 
> # Conditional Subset of Dataframe
> subset1<-df[c("CN", "CT", "CSiU", "SECS", "BN","Mitoses", "Class")]
> subset2<-subset(subset1,subset1$CT>=7 ,select=c("CN","CT", "Mitoses", "CSiU", "SECS", "Class")) 
> head(subset2)
        CN CT Mitoses CSiU SECS Class
6  1017122  8       1   10    7     1
15 1044572  8       4    7    7     1
16 1047630  7       1    4    6     1
19 1050670 10       2    7    4     1
21 1054590  7       4    3    5     1
22 1054593 10       1    5    6     1
> 
> # Merging Dataframe
> merged1<-merge(subset1,subset2,by="CN")
> head(merged1)
      CN CT.x CSiU.x SECS.x BN Mitoses.x Class.x CT.y Mitoses.y CSiU.y SECS.y
1  63375    9      1      4  3         2       1    9         2      1      4
2  76389   10      4      2 10         1       1   10         1      4      2
3 142932    7      6      3  3         2       1    7         2      6      3
4 144888    8     10      5  3         1       1    8         1     10      5
5 145447    8      4      2 11         1       1    8         1      4      2
6 191250   10      4      2  3         3       1   10         3      4      2
  Class.y
1       1
2       1
3       1
4       1
5       1
6       1
> dim(subset1)
[1] 699   7
> dim(subset2)
[1] 152   6
> dim(merged1)
[1] 160  12
> merged2<-merge(subset1,subset2,by="CT")
> head(merged2)
  CT    CN.x CSiU.x SECS.x BN Mitoses.x Class.x    CN.y Mitoses.y CSiU.y SECS.y
1  7 1226612      5      3 10         1       1 1054590         4      3      5
2  7 1226612      5      3 10         1       1  667204         4      8      4
3  7 1226612      5      3 10         1       1  428903         1      2      3
4  7 1226612      5      3 10         1       1 1166630         4      5      5
5  7 1226612      5      3 10         1       1  508234         2      4      2
6  7 1226612      5      3 10         1       1 1226612         1      5      3
  Class.y
1       1
2       1
3       1
4       1
5       1
6       1
> dim(subset1)
[1] 699   7
> dim(subset2)
[1] 152   6
> dim(merged2)
[1] 7602   12
> 
> sortdf<-df[order(df$CT, df$Mitoses),]       # Sorting Dataframe
> head(sortdf)
        CN CT CSiU CShU MA SECS BN BC NN Mitoses Class
7  1018099  1    1    1  1    2  3  3  1       1     0
11 1035283  1    1    1  1    1  2  3  1       1     0
14 1043999  1    1    1  1    2  5  3  1       1     0
25 1059552  1    1    1  1    2  2  3  1       1     0
30 1070935  1    1    3  1    2  2  1  1       1     0
48 1105524  1    1    1  1    2  2  2  1       1     0
> 
> transposedf = t(df)        #transpose
> head(transposedf)
        [,1]    [,2]    [,3]    [,4]    [,5]    [,6]    [,7]    [,8]    [,9]   [,10]
CN   1000025 1002945 1015425 1016277 1017023 1017122 1018099 1018561 1033078 1033078
       [,11]   [,12]   [,13]   [,14]   [,15]   [,16]   [,17]   [,18]   [,19]   [,20]
CN   1035283 1036172 1041801 1043999 1044572 1047630 1048672 1049815 1050670 1050718
       [,21]   [,22]   [,23]   [,24]   [,25]   [,26]   [,27]   [,28]   [,29]   [,30]
CN   1054590 1054593 1056784 1057013 1059552 1065726 1066373 1066979 1067444 1070935
       [,31]   [,32]   [,33]   [,34]   [,35]   [,36]   [,37]   [,38]   [,39]   [,40]
CN   1070935 1071760 1072179 1074610 1075123 1079304 1080185 1081791 1084584 1091262
       [,41]   [,42]   [,43]   [,44]   [,45]   [,46]   [,47]   [,48]   [,49]   [,50]
CN   1096800 1099510 1100524 1102573 1103608 1103722 1105257 1105524 1106095 1106829
       [,51]   [,52]   [,53]   [,54]   [,55]   [,56]   [,57]   [,58]   [,59]   [,60]
CN   1108370 1108449 1110102 1110503 1110524 1111249 1112209 1113038 1113483 1113906
       [,61]   [,62]   [,63]   [,64]   [,65]   [,66]   [,67]   [,68]   [,69]   [,70]
CN   1115282 1115293 1116116 1116132 1116192 1116998 1117152 1118039 1120559 1121732
       [,71]   [,72]   [,73]   [,74]   [,75]   [,76]   [,77]   [,78]   [,79]   [,80]
CN   1121919 1123061 1124651 1125035 1126417 1131294 1132347 1133041 1133136 1136142
       [,81]   [,82]   [,83]   [,84]   [,85]   [,86]   [,87]   [,88]   [,89]   [,90]
CN   1137156 1143978 1143978 1147044 1147699 1147748 1148278 1148873 1152331 1155546
       [,91]   [,92]   [,93]   [,94]   [,95]   [,96]   [,97]   [,98]   [,99]  [,100]
CN   1156272 1156948 1157734 1158247 1160476 1164066 1165297 1165790 1165926 1166630
      [,101]  [,102]  [,103]  [,104]  [,105]  [,106]  [,107]  [,108]  [,109]  [,110]
CN   1166654 1167439 1167471 1168359 1168736 1169049 1170419 1170420 1171710 1171710
      [,111]  [,112]  [,113]  [,114]  [,115]  [,116]  [,117]  [,118]  [,119]  [,120]
CN   1171795 1171845 1172152 1173216 1173235 1173347 1173347 1173509 1173514 1173681
      [,121]  [,122]  [,123]  [,124]  [,125]  [,126]  [,127]  [,128]  [,129]  [,130]
CN   1174057 1174057 1174131 1174428 1175937 1176406 1176881 1177027 1177399 1177512
      [,131]  [,132]  [,133]  [,134]  [,135]  [,136]  [,137]  [,138]  [,139]  [,140]
CN   1178580 1179818 1180194 1180523 1180831 1181356 1182404 1182410 1183240 1183246
      [,141]  [,142]  [,143]  [,144]  [,145]  [,146]  [,147]  [,148]  [,149]  [,150]
CN   1183516 1183911 1183983 1184184 1184241 1184840 1185609 1185610 1187457 1187805
      [,151]  [,152]  [,153]  [,154]  [,155]  [,156]  [,157]  [,158]  [,159]  [,160]
CN   1188472 1189266 1189286 1190394 1190485 1192325 1193091 1193210 1193683 1196295
      [,161]  [,162]  [,163]  [,164]  [,165]  [,166]  [,167]  [,168]  [,169]  [,170]
CN   1196915 1197080 1197270 1197440 1197510 1197979 1197993 1198128 1198641 1199219
      [,171]  [,172]  [,173]  [,174]  [,175]  [,176]  [,177]  [,178]  [,179]  [,180]
CN   1199731 1199983 1200772 1200847 1200892 1200952 1201834 1201936 1202125 1202812
      [,181]  [,182]  [,183]  [,184]  [,185]  [,186]  [,187]  [,188]  [,189]  [,190]
CN   1203096 1204242 1204898 1205138 1205579 1206089 1206695 1206841 1207986 1208301
      [,191]  [,192]  [,193]  [,194]  [,195]  [,196]  [,197]  [,198]  [,199]  [,200]
CN   1210963 1211202 1212232 1212251 1212422 1212422 1213375 1213383 1214092 1214556
      [,201]  [,202]  [,203]  [,204]  [,205]  [,206]  [,207]  [,208]  [,209]  [,210]
CN   1214966 1216694 1216947 1217051 1217264 1218105 1218741 1218860 1218860 1219406
      [,211]  [,212]  [,213]  [,214]  [,215]  [,216]  [,217]  [,218]  [,219]  [,220]
CN   1219525 1219859 1220330 1221863 1222047 1222936 1223282 1223426 1223793 1223967
      [,221]  [,222]  [,223]  [,224]  [,225]  [,226]  [,227]  [,228]  [,229]  [,230]
CN   1224329 1225799 1226012 1226612 1227210 1227244 1227481 1228152 1228311 1230175
      [,231]  [,232]  [,233]  [,234]  [,235]  [,236]  [,237]  [,238]  [,239]  [,240]
CN   1230688 1231387 1231706 1232225 1236043 1241232 1241559 1241679 1242364 1243256
      [,241]  [,242]  [,243] [,244]  [,245]  [,246] [,247] [,248] [,249] [,250]
CN   1270479 1276091 1277018 128059 1285531 1287775 144888 145447 167528 169356
     [,251] [,252]  [,253]  [,254]  [,255]  [,256]  [,257]  [,258]  [,259] [,260]
CN   183913 191250 1017023 1100524 1116116 1168736 1182404 1182404 1198641 242970
     [,261] [,262] [,263] [,264] [,265]  [,266]  [,267] [,268] [,269] [,270] [,271]
CN   255644 263538 274137 303213 314428 1182404 1198641 320675 324427 385103 390840
     [,272] [,273] [,274] [,275] [,276] [,277] [,278] [,279] [,280] [,281] [,282]
CN   411453 320675 428903 431495 432809 434518 452264 456282 476903 486283 486662
     [,283] [,284] [,285] [,286] [,287] [,288] [,289] [,290] [,291] [,292] [,293]
CN   488173 492268 508234 527363 529329 535331 543558 555977 560680 561477 563649
     [,294] [,295] [,296] [,297] [,298] [,299] [,300] [,301] [,302] [,303] [,304]
CN   601265 606140 606722 616240  61634 625201  63375 635844 636130 640744 646904
     [,305] [,306] [,307] [,308] [,309] [,310] [,311] [,312] [,313] [,314] [,315]
CN   653777 659642 666090 666942 667204 673637 684955 688033 691628 693702 704097
     [,316] [,317] [,318] [,319] [,320] [,321] [,322] [,323] [,324] [,325] [,326]
CN   704168 706426 709287 718641 721482 730881 733639 733639 733823 740492 743348
     [,327] [,328] [,329] [,330] [,331] [,332] [,333] [,334] [,335] [,336] [,337]
CN   752904 756136 760001 760239  76389 764974 770066 785208 785615 792744 797327
     [,338] [,339] [,340] [,341] [,342] [,343] [,344] [,345] [,346] [,347] [,348]
CN   798429 704097 806423 809912 810104 814265 814911 822829 826923 830690 831268
     [,349] [,350] [,351] [,352] [,353] [,354] [,355] [,356] [,357] [,358] [,359]
CN   832226 832567 836433 837082 846832 850831 855524 857774 859164 859350 866325
     [,360] [,361] [,362] [,363] [,364] [,365] [,366] [,367] [,368] [,369] [,370]
CN   873549 877291 877943 888169 888523 896404 897172  95719 160296 342245 428598
     [,371] [,372] [,373] [,374] [,375] [,376] [,377] [,378] [,379] [,380] [,381]
CN   492561 493452 493452 521441 560680 636437 640712 654244 657753 685977 805448
     [,382]  [,383]  [,384]  [,385]  [,386]  [,387]  [,388]  [,389]  [,390]  [,391]
CN   846423 1002504 1022257 1026122 1071084 1080233 1114570 1114570 1116715 1131411
      [,392]  [,393]  [,394]  [,395]  [,396]  [,397]  [,398]  [,399]  [,400]  [,401]
CN   1151734 1156017 1158247 1158405 1168278 1176187 1196263 1196475 1206314 1211265
      [,402]  [,403]  [,404]  [,405]  [,406]  [,407]  [,408]  [,409]  [,410]  [,411]
CN   1213784 1223003 1223306 1223543 1229929 1231853 1234554 1236837 1237674 1238021
      [,412]  [,413]  [,414]  [,415]  [,416]  [,417]  [,418]  [,419]  [,420]  [,421]
CN   1238464 1238633 1238915 1238948 1239232 1239347 1239967 1240337 1253505 1255384
      [,422]  [,423]  [,424]  [,425]  [,426]  [,427]  [,428]  [,429]  [,430]  [,431]
CN   1257200 1257648 1257815 1257938 1258549 1258556 1266154 1272039 1276091 1276091
      [,432]  [,433]  [,434]  [,435]  [,436]  [,437] [,438] [,439] [,440] [,441]
CN   1276091 1277629 1293439 1293439 1294562 1295186 527337 558538 566509 608157
     [,442] [,443] [,444] [,445] [,446]  [,447]  [,448]  [,449]  [,450]  [,451]
CN   677910 734111 734111 780555 827627 1049837 1058849 1182404 1193544 1201870
      [,452]  [,453]  [,454]  [,455]  [,456]  [,457]  [,458]  [,459]  [,460]  [,461]
CN   1202253 1227081 1230994 1238410 1246562 1257470 1259008 1266124 1267898 1268313
      [,462]  [,463]  [,464]  [,465]  [,466]  [,467]  [,468]  [,469]  [,470]  [,471]
CN   1268804 1276091 1280258 1293966 1296572 1298416 1299596 1105524 1181685 1211594
      [,472]  [,473]  [,474]  [,475]  [,476]  [,477]  [,478]  [,479]  [,480]  [,481]
CN   1238777 1257608 1269574 1277145 1287282 1296025 1296263 1296593 1299161 1301945
      [,482]  [,483] [,484] [,485]  [,486]  [,487]  [,488]  [,489]  [,490]  [,491]
CN   1302428 1318169 474162 787451 1002025 1070522 1073960 1076352 1084139 1115293
      [,492]  [,493]  [,494]  [,495]  [,496]  [,497]  [,498]  [,499]  [,500]  [,501]
CN   1119189 1133991 1142706 1155967 1170945 1181567 1182404 1204558 1217952 1224565
      [,502]  [,503]  [,504]  [,505]  [,506]  [,507]  [,508]  [,509]  [,510]  [,511]
CN   1238186 1253917 1265899 1268766 1277268 1286943 1295508 1297327 1297522 1298360
      [,512]  [,513]  [,514]  [,515]  [,516]  [,517]  [,518]  [,519]  [,520] [,521]
CN   1299924 1299994 1304595 1306282 1313325 1320077 1320077 1320304 1330439 333093
     [,522] [,523] [,524] [,525] [,526] [,527] [,528] [,529]  [,530] [,531] [,532]
CN   369565 412300 672113 749653 769612 769612 798429 807657 8233704 837480 867392
     [,533]  [,534]  [,535]  [,536]  [,537]  [,538]  [,539]  [,540]  [,541]  [,542]
CN   869828 1043068 1056171 1061990 1113061 1116192 1135090 1145420 1158157 1171578
      [,543]  [,544]  [,545]  [,546]  [,547]  [,548]  [,549]  [,550]  [,551]  [,552]
CN   1174841 1184586 1186936 1197527 1222464 1240603 1240603 1241035 1287971 1289391
      [,553]  [,554]  [,555]  [,556]  [,557]  [,558]  [,559]  [,560]  [,561]  [,562]
CN   1299924 1306339 1313658 1313982 1321264 1321321 1321348 1321931 1321942 1321942
      [,563]  [,564]  [,565]  [,566]  [,567]  [,568]  [,569]  [,570]  [,571] [,572]
CN   1328331 1328755 1331405 1331412 1333104 1334071 1343068 1343374 1344121 142932
     [,573] [,574] [,575] [,576] [,577] [,578] [,579] [,580] [,581] [,582]  [,583]
CN   183936 324382 378275 385103 690557 695091 695219 824249 871549 878358 1107684
      [,584]  [,585]  [,586]  [,587]  [,588]  [,589]  [,590]  [,591]  [,592]  [,593]
CN   1115762 1217717 1239420 1254538 1261751 1268275 1272166 1294261 1295529 1298484
      [,594]  [,595]  [,596]  [,597]  [,598]  [,599]  [,600]  [,601]  [,602]  [,603]
CN   1311875 1315506 1320141 1325309 1333063 1333495 1334659 1336798 1344449 1350568
      [,604] [,605] [,606] [,607] [,608] [,609] [,610] [,611] [,612] [,613]  [,614]
CN   1352663 188336 352431 353098 411453 557583 636375 736150 803531 822829 1016634
      [,615]  [,616]  [,617]  [,618]  [,619]  [,620]  [,621]  [,622]  [,623]  [,624]
CN   1031608 1041043 1042252 1057067 1061990 1073836 1083817 1096352 1140597 1149548
      [,625]  [,626]  [,627]  [,628]  [,629]  [,630]  [,631]  [,632]  [,633]  [,634]
CN   1174009 1183596 1190386 1190546 1213273 1218982 1225382 1235807 1238777 1253955
      [,635]  [,636]  [,637]  [,638]  [,639]  [,640]  [,641]  [,642]  [,643]  [,644]
CN   1257366 1260659 1268952 1275807 1277792 1277792 1285722 1288608 1290203 1294413
      [,645]  [,646]  [,647]  [,648]  [,649]  [,650]  [,651]  [,652]  [,653]  [,654]
CN   1299596 1303489 1311033 1311108 1315807 1318671 1319609 1323477 1324572 1324681
      [,655]  [,656]  [,657]  [,658]  [,659]  [,660]  [,661]  [,662]   [,663]
CN   1325159 1326892 1330361 1333877 1334015 1334667 1339781 1339781 13454352
      [,664]  [,665]  [,666]  [,667]  [,668]  [,669]  [,670]  [,671]  [,672]  [,673]
CN   1345452 1345593 1347749 1347943 1348851 1350319 1350423 1352848 1353092 1354840
      [,674]  [,675]  [,676]  [,677]  [,678]  [,679]  [,680]  [,681]  [,682]  [,683]
CN   1354840 1355260 1365075 1365328 1368267 1368273 1368882 1369821 1371026 1371920
     [,684] [,685] [,686] [,687] [,688] [,689] [,690] [,691] [,692] [,693] [,694]
CN   466906 466906 534555 536708 566346 603148 654546 654546 695091 714039 763235
     [,695] [,696] [,697] [,698] [,699]
CN   776715 841769 888820 897471 897471
 [ reached getOption("max.print") -- omitted 5 rows ]
> 
> Data1<-melt(data=df,id=c("CN", "Class"))     # Melting
> View(Data1)
> 
> Data2<-melt(data=df,id=c("CN", "Class"),measure=c("Mitoses"))
> View(Data2)
> 
> Data<-dcast(data=Data1,CN+Class~variable,mean)     # Casting
> View(Data)